{
'vscode:build/lib/tslint/noUnexternalizedStringsRule.ts':[
99,
173,
],
'vscode:extensions/git/src/commands.ts':[
149,
532,
],
'vscode:extensions/git/src/model.ts':[
99,
645,
],
'vscode:extensions/grunt/src/main.ts':[
76,
],
'vscode:extensions/gulp/src/main.ts':[
76,
],
'vscode:extensions/html/server/src/htmlServerMain.ts':[
97,
],
'vscode:extensions/html/server/src/modes/embeddedSupport.ts':[
28,
94,
],
'vscode:extensions/html/server/src/modes/formatting.ts':[
13,
],
'vscode:extensions/html/server/src/modes/javascriptMode.ts':[
295,
328,
355,
],
'vscode:extensions/javascript/src/features/jsonContributions.ts':[
87,
],
'vscode:extensions/json/server/src/jsonServerMain.ts':[
151,
],
'vscode:extensions/json/server/src/utils/uri.ts':[
269,
],
'vscode:extensions/markdown/src/extension.ts':[
40,
],
'vscode:extensions/php/src/features/completionItemProvider.ts':[
15,
],
'vscode:extensions/php/src/features/signatureHelpProvider.ts':[
109,
],
'vscode:extensions/php/src/features/validationProvider.ts':[
26,
],
'vscode:extensions/typescript/src/features/completionItemProvider.ts':[
52,
95,
],
'vscode:extensions/typescript/src/features/referencesCodeLensProvider.ts':[
78,
],
'vscode:extensions/typescript/src/typescriptServiceClient.ts':[
448,
593,
962,
],
'vscode:extensions/typescript/src/utils/wireProtocol.ts':[
48,
],
'vscode:src/vs/base/browser/builder.ts':[
1752,
1874,
1899,
2110,
],
'vscode:src/vs/base/browser/dom.ts':[
64,
271,
],
'vscode:src/vs/base/browser/htmlContentRenderer.ts':[
45,
94,
317,
],
'vscode:src/vs/base/browser/mouseEvent.ts':[
144,
],
'vscode:src/vs/base/browser/touch.ts':[
145,
],
'vscode:src/vs/base/browser/ui/iconLabel/iconLabel.ts':[
60,
],
'vscode:src/vs/base/browser/ui/inputbox/inputBox.ts':[
115,
],
'vscode:src/vs/base/browser/ui/keybindingLabel/keybindingLabel.ts':[
75,
],
'vscode:src/vs/base/browser/ui/list/listWidget.ts':[
816,
],
'vscode:src/vs/base/browser/ui/scrollbar/scrollableElement.ts':[
216,
402,
],
'vscode:src/vs/base/browser/ui/splitview/splitview.ts':[
249,
],
'vscode:src/vs/base/common/color.ts':[
172,
],
'vscode:src/vs/base/common/comparers.ts':[
141,
],
'vscode:src/vs/base/common/diff/diff.ts':[
308,
391,
532,
],
'vscode:src/vs/base/common/diff/diff2.ts':[
142,
273,
],
'vscode:src/vs/base/common/errorMessage.ts':[
97,
179,
],
'vscode:src/vs/base/common/event.ts':[
74,
],
'vscode:src/vs/base/common/filters.ts':[
452,
582,
],
'vscode:src/vs/base/common/glob.ts':[
40,
107,
],
'vscode:src/vs/base/common/htmlContent.ts':[
111,
],
'vscode:src/vs/base/common/http.ts':[
29,
],
'vscode:src/vs/base/common/json.ts':[
121,
162,
241,
436,
924,
],
'vscode:src/vs/base/common/jsonEdit.ts':[
14,
],
'vscode:src/vs/base/common/jsonFormatter.ts':[
41,
],
'vscode:src/vs/base/common/labels.ts':[
44,
128,
247,
],
'vscode:src/vs/base/common/mime.ts':[
53,
141,
],
'vscode:src/vs/base/common/objects.ts':[
155,
],
'vscode:src/vs/base/common/paths.ts':[
101,
167,
277,
317,
],
'vscode:src/vs/base/common/processes.ts':[
179,
],
'vscode:src/vs/base/common/scorer.ts':[
38,
],
'vscode:src/vs/base/common/uri.ts':[
149,
324,
],
'vscode:src/vs/base/node/decoder.ts':[
28,
],
'vscode:src/vs/base/node/encoding.ts':[
58,
138,
],
'vscode:src/vs/base/node/processes.ts':[
173,
],
'vscode:src/vs/base/parts/ipc/node/ipc.cp.ts':[
117,
],
'vscode:src/vs/base/parts/quickopen/browser/quickOpenModel.ts':[
198,
],
'vscode:src/vs/base/parts/quickopen/browser/quickOpenWidget.ts':[
283,
342,
428,
608,
690,
724,
],
'vscode:src/vs/base/parts/tree/browser/treeModel.ts':[
399,
664,
1311,
],
'vscode:src/vs/base/parts/tree/browser/treeView.ts':[
182,
557,
716,
915,
1401,
],
'vscode:src/vs/code/electron-main/launch.ts':[
82,
],
'vscode:src/vs/code/electron-main/menus.ts':[
227,
416,
900,
],
'vscode:src/vs/code/electron-main/window.ts':[
163,
667,
],
'vscode:src/vs/code/electron-main/windows.ts':[
362,
774,
822,
909,
],
'vscode:src/vs/code/node/windowsUtils.ts':[
36,
],
'vscode:src/vs/editor/browser/controller/mouseHandler.ts':[
213,
],
'vscode:src/vs/editor/browser/controller/mouseTarget.ts':[
99,
433,
664,
749,
],
'vscode:src/vs/editor/browser/controller/textAreaState.ts':[
84,
],
'vscode:src/vs/editor/browser/standalone/standaloneLanguages.ts':[
533,
],
'vscode:src/vs/editor/browser/view/viewController.ts':[
100,
],
'vscode:src/vs/editor/browser/view/viewLayer.ts':[
381,
],
'vscode:src/vs/editor/browser/viewParts/contentWidgets/contentWidgets.ts':[
325,
],
'vscode:src/vs/editor/browser/viewParts/lines/viewLine.ts':[
146,
403,
],
'vscode:src/vs/editor/browser/viewParts/lines/viewLines.ts':[
283,
339,
],
'vscode:src/vs/editor/browser/viewParts/minimap/minimap.ts':[
159,
725,
],
'vscode:src/vs/editor/browser/viewParts/overviewRuler/decorationsOverviewRuler.ts':[
220,
],
'vscode:src/vs/editor/browser/viewParts/selections/selections.ts':[
157,
279,
],
'vscode:src/vs/editor/browser/viewParts/viewCursors/viewCursors.ts':[
250,
],
'vscode:src/vs/editor/browser/widget/diffEditorWidget.ts':[
487,
1204,
1497,
1567,
1730,
],
'vscode:src/vs/editor/common/commands/shiftCommand.ts':[
63,
],
'vscode:src/vs/editor/common/commonCodeEditor.ts':[
677,
],
'vscode:src/vs/editor/common/config/editorOptions.ts':[
806,
852,
892,
928,
988,
1401,
1545,
],
'vscode:src/vs/editor/common/controller/cursor.ts':[
654,
],
'vscode:src/vs/editor/common/controller/cursorCollection.ts':[
212,
],
'vscode:src/vs/editor/common/controller/cursorMoveCommands.ts':[
213,
594,
],
'vscode:src/vs/editor/common/controller/cursorTypeOperations.ts':[
257,
354,
],
'vscode:src/vs/editor/common/controller/cursorWordOperations.ts':[
268,
344,
410,
],
'vscode:src/vs/editor/common/core/editorState.ts':[
48,
],
'vscode:src/vs/editor/common/model/editableTextModel.ts':[
101,
285,
467,
],
'vscode:src/vs/editor/common/model/indentationGuesser.ts':[
12,
83,
],
'vscode:src/vs/editor/common/model/textModel.ts':[
695,
],
'vscode:src/vs/editor/common/model/textModelSearch.ts':[
243,
],
'vscode:src/vs/editor/common/model/textModelWithDecorations.ts':[
301,
342,
749,
858,
881,
],
'vscode:src/vs/editor/common/model/textModelWithTokens.ts':[
327,
485,
588,
647,
],
'vscode:src/vs/editor/common/modes/languageConfigurationRegistry.ts':[
69,
269,
],
'vscode:src/vs/editor/common/modes/languageSelector.ts':[
23,
],
'vscode:src/vs/editor/common/modes/linkComputer.ts':[
170,
],
'vscode:src/vs/editor/common/modes/monarch/monarchCommon.ts':[
136,
],
'vscode:src/vs/editor/common/modes/monarch/monarchCompile.ts':[
121,
225,
389,
420,
],
'vscode:src/vs/editor/common/modes/monarch/monarchLexer.ts':[
323,
445,
510,
],
'vscode:src/vs/editor/common/modes/supports/onEnter.ts':[
50,
],
'vscode:src/vs/editor/common/modes/supports/tokenization.ts':[
48,
],
'vscode:src/vs/editor/common/modes/textToHtmlTokenizer.ts':[
18,
],
'vscode:src/vs/editor/common/services/languagesRegistry.ts':[
106,
],
'vscode:src/vs/editor/common/services/modelServiceImpl.ts':[
225,
],
'vscode:src/vs/editor/common/view/overviewZoneManager.ts':[
81,
],
'vscode:src/vs/editor/common/viewLayout/linesLayout.ts':[
217,
],
'vscode:src/vs/editor/common/viewLayout/viewLineRenderer.ts':[
82,
270,
399,
546,
],
'vscode:src/vs/editor/common/viewModel/characterHardWrappingLineMapper.ts':[
78,
],
'vscode:src/vs/editor/common/viewModel/splitLinesCollection.ts':[
168,
],
'vscode:src/vs/editor/common/viewModel/viewEventHandler.ts':[
88,
],
'vscode:src/vs/editor/common/viewModel/viewModelDecorations.ts':[
139,
],
'vscode:src/vs/editor/common/viewModel/viewModelImpl.ts':[
268,
],
'vscode:src/vs/editor/contrib/bracketMatching/common/bracketMatching.ts':[
155,
],
'vscode:src/vs/editor/contrib/comment/common/lineCommentCommand.ts':[
94,
215,
387,
],
'vscode:src/vs/editor/contrib/contextmenu/browser/contextmenu.ts':[
69,
],
'vscode:src/vs/editor/contrib/dnd/browser/dnd.ts':[
127,
],
'vscode:src/vs/editor/contrib/dnd/common/dragAndDropCommand.ts':[
26,
],
'vscode:src/vs/editor/contrib/find/browser/findWidget.ts':[
198,
],
'vscode:src/vs/editor/contrib/find/common/findController.ts':[
533,
660,
921,
],
'vscode:src/vs/editor/contrib/find/common/findModel.ts':[
215,
286,
],
'vscode:src/vs/editor/contrib/find/common/findState.ts':[
140,
],
'vscode:src/vs/editor/contrib/find/common/replacePattern.ts':[
167,
],
'vscode:src/vs/editor/contrib/folding/browser/folding.ts':[
148,
],
'vscode:src/vs/editor/contrib/format/common/formatCommand.ts':[
44,
],
'vscode:src/vs/editor/contrib/goToDeclaration/browser/goToDeclaration.ts':[
72,
],
'vscode:src/vs/editor/contrib/hover/browser/hover.ts':[
89,
],
'vscode:src/vs/editor/contrib/indentation/common/indentation.ts':[
43,
],
'vscode:src/vs/editor/contrib/linesOperations/common/linesOperations.ts':[
520,
],
'vscode:src/vs/editor/contrib/linesOperations/common/moveLinesCommand.ts':[
24,
],
'vscode:src/vs/editor/contrib/quickOpen/browser/quickOutline.ts':[
170,
253,
],
'vscode:src/vs/editor/contrib/referenceSearch/browser/referencesWidget.ts':[
833,
],
'vscode:src/vs/editor/contrib/smartSelect/common/tokenTree.ts':[
203,
402,
],
'vscode:src/vs/editor/contrib/snippet/common/snippet.ts':[
308,
],
'vscode:src/vs/editor/contrib/snippet/common/snippetController.ts':[
216,
],
'vscode:src/vs/editor/contrib/snippet/common/snippetParser.ts':[
65,
423,
473,
],
'vscode:src/vs/editor/contrib/snippet/common/snippetVariables.ts':[
23,
67,
],
'vscode:src/vs/editor/contrib/suggest/browser/suggestModel.ts':[
371,
],
'vscode:src/vs/editor/contrib/wordHighlighter/common/wordHighlighter.ts':[
139,
],
'vscode:src/vs/editor/electron-browser/textMate/TMSyntax.ts':[
171,
],
'vscode:src/vs/editor/test/common/diff/diffComputer.test.ts':[
11,
],
'vscode:src/vs/editor/test/common/model/textModelWithTokens.test.ts':[
25,
],
'vscode:src/vs/editor/test/common/viewModel/splitLinesCollection.test.ts':[
24,
207,
],
'vscode:src/vs/platform/actions/browser/menuItemActionItem.ts':[
20,
],
'vscode:src/vs/platform/actions/common/menu.ts':[
99,
],
'vscode:src/vs/platform/actions/electron-browser/menusExtensionPoint.ts':[
30,
306,
],
'vscode:src/vs/platform/extensionManagement/node/extensionManagementService.ts':[
374,
],
'vscode:src/vs/platform/extensions/node/extensionValidator.ts':[
108,
270,
],
'vscode:src/vs/platform/keybinding/common/abstractKeybindingService.ts':[
114,
],
'vscode:src/vs/platform/keybinding/common/keybindingsRegistry.ts':[
168,
],
'vscode:src/vs/platform/markers/common/markerService.ts':[
260,
],
'vscode:src/vs/platform/markers/common/problemMatcher.ts':[
293,
1146,
],
'vscode:src/vs/platform/opener/browser/openerService.ts':[
27,
],
'vscode:src/vs/platform/search/common/replace.ts':[
76,
],
'vscode:src/vs/platform/theme/common/styler.ts':[
61,
94,
121,
187,
],
'vscode:src/vs/platform/windows/common/windowsIpc.ts':[
62,
],
'vscode:src/vs/workbench/api/electron-browser/mainThreadDocumentsAndEditors.ts':[
148,
],
'vscode:src/vs/workbench/api/node/extHostDiagnostics.ts':[
47,
],
'vscode:src/vs/workbench/api/node/extHostDocumentsAndEditors.ts':[
38,
],
'vscode:src/vs/workbench/api/node/extHostTextEditor.ts':[
262,
],
'vscode:src/vs/workbench/api/node/extHostTypeConverters.ts':[
273,
],
'vscode:src/vs/workbench/browser/actionBarRegistry.ts':[
182,
],
'vscode:src/vs/workbench/browser/fileResultsNavigation.ts':[
48,
],
'vscode:src/vs/workbench/browser/labels.ts':[
102,
],
'vscode:src/vs/workbench/browser/layout.ts':[
172,
302,
],
'vscode:src/vs/workbench/browser/parts/activitybar/activitybarPart.ts':[
208,
255,
],
'vscode:src/vs/workbench/browser/parts/editor/editorActions.ts':[
41,
292,
],
'vscode:src/vs/workbench/browser/parts/editor/editorCommands.ts':[
258,
],
'vscode:src/vs/workbench/browser/parts/editor/editorGroupsControl.ts':[
315,
506,
1064,
1144,
1402,
1614,
1693,
],
'vscode:src/vs/workbench/browser/parts/editor/editorPart.ts':[
312,
1058,
1308,
],
'vscode:src/vs/workbench/browser/parts/editor/editorStatus.ts':[
145,
335,
],
'vscode:src/vs/workbench/browser/parts/editor/tabsTitleControl.ts':[
260,
552,
],
'vscode:src/vs/workbench/browser/parts/editor/titleControl.ts':[
289,
329,
],
'vscode:src/vs/workbench/browser/parts/quickopen/quickOpenController.ts':[
520,
],
'vscode:src/vs/workbench/browser/parts/sidebar/sidebarPart.ts':[
78,
],
'vscode:src/vs/workbench/common/editor.ts':[
593,
961,
],
'vscode:src/vs/workbench/common/editor/editorStacksModel.ts':[
225,
],
'vscode:src/vs/workbench/electron-browser/shell.ts':[
208,
524,
],
'vscode:src/vs/workbench/electron-browser/workbench.ts':[
1087,
],
'vscode:src/vs/workbench/node/extensionPoints.ts':[
192,
],
'vscode:src/vs/workbench/parts/debug/browser/debugEditorModelManager.ts':[
117,
273,
],
'vscode:src/vs/workbench/parts/debug/browser/linkDetector.ts':[
39,
],
'vscode:src/vs/workbench/parts/debug/common/debugModel.ts':[
916,
],
'vscode:src/vs/workbench/parts/debug/electron-browser/debugEditorContribution.ts':[
146,
],
'vscode:src/vs/workbench/parts/debug/electron-browser/debugService.ts':[
169,
397,
778,
],
'vscode:src/vs/workbench/parts/debug/electron-browser/debugViewer.ts':[
56,
137,
1200,
],
'vscode:src/vs/workbench/parts/debug/electron-browser/rawDebugSession.ts':[
154,
186,
],
'vscode:src/vs/workbench/parts/debug/electron-browser/replViewer.ts':[
276,
],
'vscode:src/vs/workbench/parts/debug/electron-browser/terminalSupport.ts':[
56,
],
'vscode:src/vs/workbench/parts/debug/node/debugAdapter.ts':[
237,
],
'vscode:src/vs/workbench/parts/extensions/browser/extensionsActions.ts':[
765,
],
'vscode:src/vs/workbench/parts/extensions/electron-browser/extensionsViewlet.ts':[
255,
],
'vscode:src/vs/workbench/parts/files/browser/explorerViewlet.ts':[
224,
],
'vscode:src/vs/workbench/parts/files/browser/fileActions.contribution.ts':[
46,
],
'vscode:src/vs/workbench/parts/files/browser/fileActions.ts':[
635,
1343,
],
'vscode:src/vs/workbench/parts/files/browser/views/explorerView.ts':[
402,
539,
],
'vscode:src/vs/workbench/parts/files/browser/views/explorerViewer.ts':[
409,
662,
],
'vscode:src/vs/workbench/parts/files/browser/views/openEditorsViewer.ts':[
193,
],
'vscode:src/vs/workbench/parts/markers/common/markersModel.ts':[
251,
],
'vscode:src/vs/workbench/parts/preferences/browser/keybindingsEditorContribution.ts':[
182,
],
'vscode:src/vs/workbench/parts/preferences/browser/preferencesRenderers.ts':[
511,
761,
],
'vscode:src/vs/workbench/parts/preferences/common/keybindingsEditorModel.ts':[
178,
294,
506,
],
'vscode:src/vs/workbench/parts/preferences/common/preferencesModels.ts':[
55,
],
'vscode:src/vs/workbench/parts/preferences/common/smartSnippetInserter.ts':[
56,
],
'vscode:src/vs/workbench/parts/quickopen/browser/commandsHandler.ts':[
410,
],
'vscode:src/vs/workbench/parts/quickopen/browser/gotoSymbolHandler.ts':[
50,
],
'vscode:src/vs/workbench/parts/relauncher/electron-browser/relauncher.contribution.ts':[
50,
],
'vscode:src/vs/workbench/parts/search/browser/searchViewlet.ts':[
990,
1140,
],
'vscode:src/vs/workbench/parts/tasks/common/taskConfiguration.ts':[
438,
484,
643,
774,
823,
981,
],
'vscode:src/vs/workbench/parts/tasks/electron-browser/terminalTaskSystem.ts':[
48,
362,
],
'vscode:src/vs/workbench/parts/tasks/node/processTaskSystem.ts':[
153,
],
'vscode:src/vs/workbench/parts/terminal/electron-browser/terminalConfigHelper.ts':[
107,
],
'vscode:src/vs/workbench/parts/terminal/electron-browser/terminalInstance.ts':[
504,
],
'vscode:src/vs/workbench/parts/welcome/walkThrough/electron-browser/walkThroughPart.ts':[
194,
],
'vscode:src/vs/workbench/services/configuration/node/configurationService.ts':[
249,
],
'vscode:src/vs/workbench/services/editor/browser/editorService.ts':[
208,
],
'vscode:src/vs/workbench/services/files/node/fileService.ts':[
92,
210,
],
'vscode:src/vs/workbench/services/files/node/watcher/unix/chokidarWatcherService.ts':[
65,
],
'vscode:src/vs/workbench/services/files/test/node/watcher.test.ts':[
79,
],
'vscode:src/vs/workbench/services/history/browser/history.ts':[
490,
553,
],
'vscode:src/vs/workbench/services/keybinding/common/macLinuxFallbackKeyboardMapper.ts':[
64,
],
'vscode:src/vs/workbench/services/keybinding/common/macLinuxKeyboardMapper.ts':[
317,
396,
479,
743,
969,
1040,
1156,
],
'vscode:src/vs/workbench/services/keybinding/common/scanCode.ts':[
260,
],
'vscode:src/vs/workbench/services/keybinding/common/windowsKeyboardMapper.ts':[
281,
355,
],
'vscode:src/vs/workbench/services/keybinding/electron-browser/keybindingService.ts':[
172,
],
'vscode:src/vs/workbench/services/mode/common/workbenchModeService.ts':[
113,
],
'vscode:src/vs/workbench/services/search/node/ripgrepTextSearch.ts':[
395,
],
'vscode:src/vs/workbench/services/search/node/searchService.ts':[
155,
],
'vscode:src/vs/workbench/services/search/node/worker/searchWorker.ts':[
183,
],
'vscode:src/vs/workbench/services/telemetry/common/workspaceStats.ts':[
94,
107,
],
'vscode:src/vs/workbench/services/textfile/common/textFileService.ts':[
171,
298,
],
'vscode:src/vs/workbench/services/textfile/electron-browser/textFileService.ts':[
74,
],
'vscode:src/vs/workbench/services/themes/electron-browser/workbenchThemeService.ts':[
762,
776,
],
}
