{
'angular:packages/benchpress/src/metric/perflog_metric.ts':[
194,
252,
],
'angular:packages/benchpress/src/webdriver/chrome_driver_extension.ts':[
104,
],
'angular:packages/benchpress/src/webdriver/ios_driver_extension.ts':[
57,
],
'angular:packages/common/src/localization.ts':[
92,
],
'angular:packages/common/src/pipes/date_pipe.ts':[
103,
],
'angular:packages/common/src/pipes/number_pipe.ts':[
15,
],
'angular:packages/compiler-cli/src/codegen.ts':[
54,
],
'angular:packages/compiler-cli/src/diagnostics/expression_type.ts':[
43,
],
'angular:packages/compiler-cli/src/diagnostics/typescript_symbols.ts':[
792,
],
'angular:packages/compiler/src/aot/static_reflector.ts':[
372,
417,
647,
],
'angular:packages/compiler/src/compiler_util/expression_converter.ts':[
187,
],
'angular:packages/compiler/src/css_parser/css_lexer.ts':[
191,
266,
560,
583,
617,
663,
],
'angular:packages/compiler/src/css_parser/css_parser.ts':[
52,
173,
222,
514,
],
'angular:packages/compiler/src/expression_parser/lexer.ts':[
140,
],
'angular:packages/compiler/src/expression_parser/parser.ts':[
536,
689,
],
'angular:packages/compiler/src/i18n/extractor_merger.ts':[
161,
211,
364,
],
'angular:packages/compiler/src/i18n/serializers/xliff2.ts':[
201,
],
'angular:packages/compiler/src/metadata_resolver.ts':[
239,
426,
],
'angular:packages/compiler/src/output/abstract_emitter.ts':[
364,
],
'angular:packages/compiler/src/output/output_interpreter.ts':[
251,
],
'angular:packages/compiler/src/output/ts_emitter.ts':[
394,
],
'angular:packages/compiler/src/parse_util.ts':[
54,
],
'angular:packages/compiler/src/provider_analyzer.ts':[
223,
257,
],
'angular:packages/compiler/src/schema/dom_element_schema_registry.ts':[
406,
],
'angular:packages/compiler/src/selector.ts':[
165,
246,
],
'angular:packages/compiler/src/template_parser/template_parser.ts':[
266,
427,
],
'angular:packages/compiler/src/url_resolver.ts':[
267,
],
'angular:packages/compiler/src/util.ts':[
110,
],
'angular:packages/compiler/test/directive_normalizer_spec.ts':[
123,
],
'angular:packages/compiler/test/schema/schema_extractor.ts':[
202,
],
'angular:packages/compiler/testing/src/directive_resolver_mock.ts':[
34,
],
'angular:packages/core/src/change_detection/change_detection_util.ts':[
11,
],
'angular:packages/core/src/change_detection/differs/default_iterable_differ.ts':[
72,
],
'angular:packages/core/src/di/reflective_provider.ts':[
221,
],
'angular:packages/core/src/event_emitter.ts':[
80,
],
'angular:packages/core/src/reflection/reflection_capabilities.ts':[
56,
],
'angular:packages/core/src/util/decorators.ts':[
99,
227,
],
'angular:packages/core/src/view/element.ts':[
56,
203,
],
'angular:packages/core/src/view/provider.ts':[
151,
343,
],
'angular:packages/core/src/view/pure_expression.ts':[
69,
],
'angular:packages/core/src/view/query.ts':[
55,
129,
],
'angular:packages/core/src/view/text.ts':[
62,
],
'angular:packages/core/src/view/util.ts':[
310,
],
'angular:packages/core/src/view/view.ts':[
23,
148,
239,
468,
583,
],
'angular:packages/http/src/backends/xhr_backend.ts':[
51,
],
'angular:packages/http/src/base_request_options.ts':[
117,
],
'angular:packages/http/src/base_response_options.ts':[
102,
],
'angular:packages/language-service/src/completions.ts':[
300,
459,
],
'angular:packages/language-service/src/typescript_host.ts':[
454,
501,
],
'angular:packages/platform-browser/src/security/dom_sanitization_service.ts':[
155,
],
'angular:packages/platform-webworker/src/web_workers/ui/event_dispatcher.ts':[
25,
],
'angular:packages/router/src/config.ts':[
379,
],
'angular:packages/router/src/create_url_tree.ts':[
189,
239,
],
'angular:packages/router/src/router.ts':[
402,
820,
],
'angular:packages/router/src/url_tree.ts':[
51,
],
'angular:packages/upgrade/src/common/downgrade_component_adapter.ts':[
67,
130,
],
'angular:packages/upgrade/src/dynamic/upgrade_ng1_adapter.ts':[
341,
],
'angular:packages/upgrade/src/static/upgrade_component.ts':[
145,
],
'angular:tools/@angular/tsc-wrapped/src/bundler.ts':[
129,
384,
],
'angular:tools/@angular/tsc-wrapped/src/collector.ts':[
107,
319,
522,
696,
],
'angular:tools/@angular/tsc-wrapped/src/evaluator.ts':[
141,
223,
],
'angular:tools/@angular/tsc-wrapped/src/main.ts':[
31,
116,
],
'angular:tools/@angular/tsc-wrapped/src/schema.ts':[
110,
],
'angular:tools/@angular/tsc-wrapped/src/symbols.ts':[
38,
],
}
