{
'js-project:amplify-1.1.0.js':[
384,
388,
395,
396,
636,
658,
705,
],
'js-project:angular-1.0.3.js':[
560,
1557,
1562,
1578,
2181,
2211,
3223,
3243,
3337,
3338,
3355,
5218,
7292,
8696,
9027,
9223,
10623,
14108,
],
'js-project:babylon/scripts/run_test262_utils.js':[
205,
],
'js-project:backbone-0.9.2.js':[
130,
295,
300,
308,
309,
484,
645,
646,
841,
],
'js-project:ecmascript6/Ghost/core/client/app/serializers/post.js':[
28,
],
'js-project:ecmascript6/Ghost/core/client/app/serializers/user.js':[
17,
27,
],
'js-project:ecmascript6/Ghost/core/server/data/import/utils.js':[
32,
],
'js-project:ecmascript6/Ghost/core/server/data/xml/sitemap/base-generator.js':[
218,
221,
],
'js-project:ecmascript6/Ghost/core/server/ghost-server.js':[
140,
],
'js-project:ecmascript6/Ghost/core/server/models/plugins/include-count.js':[
88,
],
'js-project:ecmascript6/Ghost/core/test/unit/controllers/frontend/index_spec.js':[
321,
336,
337,
],
'js-project:ecmascript6/Ghost/core/test/utils/configUtils.js':[
21,
],
'js-project:ecmascript6/Ghost/core/test/utils/fork.js':[
45,
],
'js-project:ecmascript6/Ghost/core/test/utils/index.js':[
513,
],
'js-project:ecmascript6/di.js/example/angular-loader/traceur.js':[
6694,
6695,
16218,
18465,
],
'js-project:ecmascript6/di.js/visualize/lib/angular.js':[
833,
2178,
2184,
2198,
2206,
2921,
4403,
4424,
4536,
4537,
4554,
6562,
6581,
7518,
7613,
7921,
8414,
8442,
8956,
11649,
13521,
13550,
15293,
19156,
20068,
],
'js-project:ecmascript6/di.js/visualize/lib/d3.v3.js':[
253,
367,
692,
699,
1016,
1031,
1425,
1891,
8187,
],
'js-project:ecmascript6/react-router/examples/master-detail/ContactStore.js':[
34,
],
'js-project:ecmascript6/react-router/modules/Router.js':[
152,
],
'js-project:ecmascript6/react-router/modules/createTransitionManager.js':[
169,
],
'js-project:ecmascript6/redux/examples/real-world/middleware/api.js':[
106,
],
'js-project:ecmascript6/router/examples/hello/jsonp.js':[
6,
],
'js-project:ecmascript6/watchtower.js/src/dirty_checking.js':[
373,
],
'js-project:ecmascript6/watchtower.js/src/watch_record.js':[
50,
],
'js-project:ecmascript6/watchtower.js/test/dirtychecking.spec.js':[
521,
534,
535,
],
'js-project:frameworks/wordpress/revisions.js':[
258,
262,
347,
],
'js-project:frameworks/wordpress/tags-box.js':[
42,
],
'js-project:google-closure-library/array/array.js':[
542,
],
'js-project:google-closure-library/base.js':[
100,
905,
1144,
],
'js-project:google-closure-library/datasource/datamanager.js':[
462,
465,
],
'js-project:google-closure-library/datasource/datasource.js':[
437,
438,
],
'js-project:google-closure-library/datasource/fastdatanode.js':[
245,
398,
784,
],
'js-project:google-closure-library/datasource/jsdatasource.js':[
302,
],
'js-project:google-closure-library/debug/console.js':[
141,
],
'js-project:google-closure-library/debug/debugwindow.js':[
598,
],
'js-project:google-closure-library/disposable/disposable.js':[
158,
],
'js-project:google-closure-library/dom/dataset.js':[
67,
],
'js-project:google-closure-library/dom/viewportsizemonitor.js':[
112,
],
'js-project:google-closure-library/editor/field.js':[
490,
],
'js-project:google-closure-library/editor/plugins/abstractbubbleplugin.js':[
295,
],
'js-project:google-closure-library/editor/plugins/undoredo.js':[
290,
310,
329,
513,
],
'js-project:google-closure-library/events/events.js':[
397,
405,
470,
474,
479,
],
'js-project:google-closure-library/events/eventtarget.js':[
251,
],
'js-project:google-closure-library/fx/anim/anim.js':[
101,
],
'js-project:google-closure-library/gears/urlcapture.js':[
311,
312,
313,
],
'js-project:google-closure-library/gears/workerpool.js':[
195,
],
'js-project:google-closure-library/graphics/svggraphics.js':[
765,
],
'js-project:google-closure-library/labs/structs/map.js':[
104,
148,
],
'js-project:google-closure-library/messaging/respondingchannel.js':[
190,
],
'js-project:google-closure-library/module/loader.js':[
228,
229,
],
'js-project:google-closure-library/net/filedownloader.js':[
414,
438,
452,
],
'js-project:google-closure-library/net/iframeio.js':[
639,
],
'js-project:google-closure-library/net/imageloader.js':[
149,
153,
182,
],
'js-project:google-closure-library/net/jsloader.js':[
242,
255,
],
'js-project:google-closure-library/net/jsonp.js':[
288,
],
'js-project:google-closure-library/net/xpc/crosspagechannel.js':[
775,
],
'js-project:google-closure-library/net/xpc/iframerelaytransport.js':[
255,
],
'js-project:google-closure-library/net/xpc/nativemessagingtransport.js':[
341,
],
'js-project:google-closure-library/object/object.js':[
338,
353,
],
'js-project:google-closure-library/proto2/message.js':[
144,
398,
701,
748,
750,
],
'js-project:google-closure-library/pubsub/pubsub.js':[
222,
223,
224,
287,
],
'js-project:google-closure-library/structs/map.js':[
229,
],
'js-project:google-closure-library/structs/queue.js':[
74,
],
'js-project:google-closure-library/structs/simplepool.js':[
185,
],
'js-project:google-closure-library/structs/stringset.js':[
366,
379,
390,
],
'js-project:google-closure-library/structs/trie.js':[
328,
],
'js-project:google-closure-library/testing/fs/entry.js':[
200,
],
'js-project:google-closure-library/testing/fs/fs.js':[
88,
],
'js-project:google-closure-library/testing/propertyreplacer.js':[
133,
240,
],
'js-project:google-closure-library/ui/editor/bubble.js':[
290,
],
'js-project:google-closure-library/ui/offlineinstalldialog.js':[
287,
],
'js-project:google-closure-library/ui/tree/basenode.js':[
222,
],
'js-project:jest/packages/eslint-config-fb-strict/index.js':[
24,
],
'js-project:jest/packages/jest-haste-map/src/__tests__/index.test.js':[
40,
527,
542,
],
'js-project:jest/packages/jest-haste-map/src/crawlers/watchman.js':[
110,
],
'js-project:jest/packages/jest-haste-map/src/index.js':[
352,
354,
436,
688,
694,
696,
706,
783,
793,
795,
],
'js-project:jest/packages/jest-jasmine2/src/jasmine/Env.js':[
99,
],
'js-project:jest/packages/jest-jasmine2/src/jasmine/spy_registry.js':[
118,
],
'js-project:jest/packages/jest-snapshot/src/State.js':[
103,
],
'js-project:jest/packages/jest-util/src/fake_timers.js':[
121,
376,
521,
],
'js-project:jquery-1.7.2.js':[
1843,
1870,
1882,
2246,
3079,
6539,
6545,
8266,
8517,
8522,
],
'js-project:jshint-2012.06.15.js':[
1790,
4303,
4392,
],
'js-project:jstorage-0.3.0.js':[
479,
720,
721,
722,
924,
928,
931,
963,
1089,
],
'js-project:knockout-2.1.0.debug.js':[
520,
751,
1387,
],
'js-project:mootools-core-1.4.5-full-nocompat.js':[
499,
1442,
1473,
2872,
2889,
3251,
3413,
3414,
3514,
3930,
3931,
3960,
4226,
4708,
],
'js-project:ocanvas-2.2.2.js':[
245,
626,
1681,
3313,
],
'js-project:open-layers-2.12/OpenLayers/Animation.js':[
83,
98,
],
'js-project:open-layers-2.12/OpenLayers/Control/CacheWrite.js':[
182,
],
'js-project:open-layers-2.12/OpenLayers/Control/GetFeature.js':[
552,
],
'js-project:open-layers-2.12/OpenLayers/Control/SLDSelect.js':[
172,
175,
401,
],
'js-project:open-layers-2.12/OpenLayers/Events.js':[
338,
],
'js-project:open-layers-2.12/OpenLayers/Format/GML/Base.js':[
218,
219,
],
'js-project:open-layers-2.12/OpenLayers/Layer/ArcGIS93Rest.js':[
185,
201,
],
'js-project:open-layers-2.12/OpenLayers/Layer/Google.js':[
297,
],
'js-project:open-layers-2.12/OpenLayers/Layer/HTTPRequest.js':[
221,
],
'js-project:open-layers-2.12/OpenLayers/Layer/MapGuide.js':[
350,
],
'js-project:open-layers-2.12/OpenLayers/Layer/MapServer.js':[
146,
],
'js-project:open-layers-2.12/OpenLayers/Layer/Vector.js':[
668,
809,
],
'js-project:open-layers-2.12/OpenLayers/Protocol/Script.js':[
251,
375,
],
'js-project:open-layers-2.12/OpenLayers/Renderer/Canvas.js':[
183,
830,
],
'js-project:open-layers-2.12/OpenLayers/Renderer/Elements.js':[
127,
],
'js-project:open-layers-2.12/OpenLayers/Util.js':[
1313,
],
'js-project:paper-0.22.js':[
78,
455,
1723,
2202,
2207,
2534,
2976,
6606,
7011,
7633,
],
'js-project:processing-1.3.6.js':[
1042,
8301,
8344,
9565,
],
'js-project:prototype-1.7.js':[
1252,
1914,
2894,
],
'js-project:qunit-1.8.0.js':[
1228,
],
'js-project:scriptaculous-1.9.0/dragdrop.js':[
620,
923,
],
'js-project:sizzle-1.8.2.js':[
58,
],
'js-project:underscore-1.3.3.js':[
1035,
],
'js-project:yui-3.7.3/anim-base/anim-base.js':[
490,
526,
682,
],
'js-project:yui-3.7.3/app-base/app-base.js':[
552,
],
'js-project:yui-3.7.3/attribute-core/attribute-core.js':[
81,
99,
647,
923,
],
'js-project:yui-3.7.3/base-build/base-build.js':[
52,
53,
253,
260,
],
'js-project:yui-3.7.3/cache-offline/cache-offline.js':[
146,
],
'js-project:yui-3.7.3/calendar-base/calendar-base.js':[
503,
580,
],
'js-project:yui-3.7.3/charts-base/charts-base.js':[
3491,
3667,
],
'js-project:yui-3.7.3/cookie/cookie.js':[
395,
],
'js-project:yui-3.7.3/datasource-get/datasource-get.js':[
68,
69,
91,
92,
100,
101,
],
'js-project:yui-3.7.3/datasource-io/datasource-io.js':[
102,
126,
],
'js-project:yui-3.7.3/datasource-polling/datasource-polling.js':[
82,
],
'js-project:yui-3.7.3/dd-ddm-drop/dd-ddm-drop.js':[
284,
],
'js-project:yui-3.7.3/dd-drag/dd-drag.js':[
489,
922,
956,
],
'js-project:yui-3.7.3/dd-drop/dd-drop.js':[
217,
553,
],
'js-project:yui-3.7.3/event-base-ie/event-base-ie.js':[
280,
],
'js-project:yui-3.7.3/event-base/event-base.js':[
1193,
1194,
1196,
1198,
],
'js-project:yui-3.7.3/event-contextmenu/event-contextmenu.js':[
58,
],
'js-project:yui-3.7.3/event-custom-base/event-custom-base.js':[
252,
253,
1130,
1132,
],
'js-project:yui-3.7.3/event-custom-complex/event-custom-complex.js':[
426,
],
'js-project:yui-3.7.3/event-flick/event-flick.js':[
208,
],
'js-project:yui-3.7.3/event-focus/event-focus.js':[
199,
],
'js-project:yui-3.7.3/event-synthetic/event-synthetic.js':[
173,
175,
],
'js-project:yui-3.7.3/event-valuechange/event-valuechange.js':[
230,
],
'js-project:yui-3.7.3/graphics-canvas/graphics-canvas.js':[
3260,
],
'js-project:yui-3.7.3/graphics-svg/graphics-svg.js':[
3019,
],
'js-project:yui-3.7.3/graphics-vml/graphics-vml.js':[
3108,
],
'js-project:yui-3.7.3/history-base/history-base.js':[
592,
],
'js-project:yui-3.7.3/io-base/io-base.js':[
420,
468,
],
'js-project:yui-3.7.3/io-upload-iframe/io-upload-iframe.js':[
175,
],
'js-project:yui-3.7.3/io-xdr/io-xdr.js':[
188,
240,
248,
],
'js-project:yui-3.7.3/json-parse/json-parse.js':[
154,
],
'js-project:yui-3.7.3/jsonp/jsonp.js':[
185,
],
'js-project:yui-3.7.3/lazy-model-list/lazy-model-list.js':[
110,
473,
476,
],
'js-project:yui-3.7.3/loader-base/loader-base.js':[
1370,
1371,
1902,
2058,
2061,
2068,
2110,
2340,
2366,
2369,
],
'js-project:yui-3.7.3/model-list/model-list.js':[
1154,
1208,
1211,
],
'js-project:yui-3.7.3/model-sync-rest/model-sync-rest.js':[
469,
],
'js-project:yui-3.7.3/node-base/node-base.js':[
1105,
],
'js-project:yui-3.7.3/node-core/node-core.js':[
750,
],
'js-project:yui-3.7.3/oop/oop.js':[
344,
],
'js-project:yui-3.7.3/pluginhost-base/pluginhost-base.js':[
129,
132,
],
'js-project:yui-3.7.3/pluginhost-config/pluginhost-config.js':[
129,
],
'js-project:yui-3.7.3/profiler/profiler.js':[
111,
112,
512,
544,
],
'js-project:yui-3.7.3/recordset-base/recordset-base.js':[
516,
],
'js-project:yui-3.7.3/recordset-indexer/recordset-indexer.js':[
139,
],
'js-project:yui-3.7.3/sortable/sortable.js':[
476,
481,
],
'js-project:yui-3.7.3/stylesheet/stylesheet.js':[
376,
443,
],
'js-project:yui-3.7.3/transition-timer/transition-timer.js':[
39,
94,
168,
],
'js-project:yui-3.7.3/transition/transition.js':[
229,
],
'js-project:yui-3.7.3/uploader-queue/uploader-queue.js':[
97,
179,
180,
205,
],
'js-project:yui-3.7.3/view-node-map/view-node-map.js':[
82,
],
'js-project:yui-3.7.3/widget-base/widget-base.js':[
450,
951,
],
'js-project:yui-3.7.3/widget-buttons/widget-buttons.js':[
559,
980,
1140,
1146,
],
'js-project:yui-3.7.3/widget-stdmod/widget-stdmod.js':[
508,
],
'js-project:yui-3.7.3/widget-uievents/widget-uievents.js':[
44,
53,
203,
],
'js-project:yui-3.7.3/yui-core/yui-core.js':[
1315,
],
}
