{
'js-project:ecmascript6/Ghost/core/client/app/session-stores/application.js':[
5,
5,
],
'js-project:jest/packages/jest-cli/src/get_no_test_found.js':[
13,
],
'js-project:jest/packages/jest-cli/src/get_no_test_found_verbose.js':[
40,
],
'js-project:jest/packages/jest-cli/src/lib/pattern_mode_helpers.js':[
66,
77,
],
'js-project:jest/packages/jest-cli/src/pattern_prompt.js':[
23,
],
'js-project:jest/packages/jest-config/src/deprecated.js':[
28,
45,
],
'js-project:jest/packages/jest-validate/src/__tests__/fixtures/jest_config.js':[
142,
156,
],
'js-project:jest/packages/jest-validate/src/errors.js':[
23,
30,
],
'js-project:jest/packages/jest-validate/src/warnings.js':[
32,
],
}
