{
'js-project:amplify-1.1.0.js':[
151,
280,
],
'js-project:angular-1.0.3.js':[
100,
536,
610,
1856,
2776,
3871,
3953,
5630,
5717,
5746,
6294,
7189,
7688,
9442,
9453,
9632,
13353,
14322,
],
'js-project:babylon/src/parser/comments.js':[
43,
],
'js-project:babylon/src/parser/expression.js':[
116,
261,
321,
417,
557,
622,
909,
1113,
1508,
],
'js-project:babylon/src/parser/lval.js':[
44,
138,
307,
],
'js-project:babylon/src/parser/statement.js':[
77,
277,
336,
543,
633,
721,
852,
961,
1266,
1417,
],
'js-project:babylon/src/plugins/flow.js':[
145,
255,
600,
691,
915,
1234,
1707,
],
'js-project:babylon/src/plugins/jsx/index.js':[
369,
461,
],
'js-project:babylon/src/plugins/typescript.js':[
539,
1096,
],
'js-project:babylon/src/tokenizer/index.js':[
282,
456,
520,
671,
715,
797,
917,
976,
1123,
],
'js-project:babylon/test/helpers/runFixtureTests.js':[
67,
129,
],
'js-project:backbone-0.9.2.js':[
115,
260,
350,
587,
995,
1095,
1315,
],
'js-project:ecmascript6/Ghost/core/client/app/components/gh-navitem-url-input.js':[
90,
],
'js-project:ecmascript6/Ghost/core/client/app/mixins/editor-base-route.js':[
33,
],
'js-project:ecmascript6/Ghost/core/client/app/services/notifications.js':[
106,
],
'js-project:ecmascript6/Ghost/core/client/app/utils/ajax.js':[
7,
],
'js-project:ecmascript6/Ghost/core/server/api/index.js':[
55,
],
'js-project:ecmascript6/Ghost/core/server/api/settings.js':[
38,
],
'js-project:ecmascript6/Ghost/core/server/api/utils.js':[
44,
],
'js-project:ecmascript6/Ghost/core/server/config/index.js':[
112,
346,
],
'js-project:ecmascript6/Ghost/core/server/config/url.js':[
149,
],
'js-project:ecmascript6/Ghost/core/server/controllers/frontend/context.js':[
24,
],
'js-project:ecmascript6/Ghost/core/server/data/import/index.js':[
16,
98,
],
'js-project:ecmascript6/Ghost/core/server/data/meta/description.js':[
4,
],
'js-project:ecmascript6/Ghost/core/server/data/meta/title.js':[
4,
],
'js-project:ecmascript6/Ghost/core/server/data/migration/fixtures/index.js':[
344,
],
'js-project:ecmascript6/Ghost/core/server/data/schema/commands.js':[
10,
],
'js-project:ecmascript6/Ghost/core/server/data/validation/index.js':[
41,
],
'js-project:ecmascript6/Ghost/core/server/errors/index.js':[
93,
],
'js-project:ecmascript6/Ghost/core/server/helpers/body_class.js':[
15,
],
'js-project:ecmascript6/Ghost/core/server/helpers/foreach.js':[
13,
],
'js-project:ecmascript6/Ghost/core/server/helpers/has.js':[
11,
],
'js-project:ecmascript6/Ghost/core/server/helpers/pagination.js':[
11,
],
'js-project:ecmascript6/Ghost/core/server/helpers/post_class.js':[
13,
],
'js-project:ecmascript6/Ghost/core/server/helpers/tags.js':[
15,
],
'js-project:ecmascript6/Ghost/core/server/middleware/auth.js':[
51,
],
'js-project:ecmascript6/Ghost/core/server/middleware/spam-prevention.js':[
60,
],
'js-project:ecmascript6/Ghost/core/server/models/plugins/filter.js':[
17,
],
'js-project:ecmascript6/Ghost/core/server/models/post.js':[
93,
329,
],
'js-project:ecmascript6/Ghost/core/server/models/role.js':[
43,
],
'js-project:ecmascript6/Ghost/core/server/models/user.js':[
436,
],
'js-project:ecmascript6/Ghost/core/server/permissions/index.js':[
52,
145,
],
'js-project:ecmascript6/Ghost/core/server/update-check.js':[
82,
],
'js-project:ecmascript6/Ghost/core/server/utils/downzero.js':[
18,
],
'js-project:ecmascript6/Ghost/core/server/utils/startup-check.js':[
167,
],
'js-project:ecmascript6/di.js/example/angular-loader/traceur.js':[
420,
928,
1699,
2834,
2856,
2885,
2921,
5860,
5881,
5970,
6239,
6752,
8618,
9067,
9269,
9388,
10017,
10300,
10580,
10745,
10890,
10942,
12079,
13251,
13605,
14397,
16061,
16646,
16878,
18481,
18521,
18662,
18756,
],
'js-project:ecmascript6/di.js/src/injector.js':[
132,
],
'js-project:ecmascript6/di.js/visualize/lib/angular.js':[
290,
803,
890,
2530,
3608,
5384,
5556,
5659,
5812,
6024,
6057,
6083,
7754,
8150,
9138,
9438,
9516,
9624,
9658,
10284,
10304,
11588,
11712,
13399,
13941,
13969,
14158,
19112,
20235,
20296,
],
'js-project:ecmascript6/di.js/visualize/lib/d3.v3.js':[
41,
52,
63,
760,
1605,
1913,
1971,
2129,
2179,
2431,
2506,
2625,
2818,
2927,
2981,
3011,
4198,
4395,
4480,
4517,
4570,
4697,
4766,
4886,
5003,
5156,
5431,
5538,
5670,
5790,
6511,
6675,
6730,
8196,
8480,
8509,
8562,
8821,
],
'js-project:ecmascript6/expressionist.js/test/parser.spec.js':[
66,
393,
],
'js-project:ecmascript6/react-router/modules/Link.js':[
104,
],
'js-project:ecmascript6/react-router/modules/PatternUtils.js':[
167,
],
'js-project:ecmascript6/react-router/modules/isActive.js':[
3,
],
'js-project:ecmascript6/reddit-mobile/src/config.es6.js':[
20,
],
'js-project:ecmascript6/router/src/history.js':[
61,
154,
],
'js-project:ecmascript6/router/src/router.js':[
131,
],
'js-project:ecmascript6/router/third_party/brick/brick-1.0.1.byob.js':[
177,
685,
718,
761,
1136,
1205,
1307,
1759,
1963,
2148,
2217,
3222,
3469,
],
'js-project:ecmascript6/router/third_party/route-recognizer.js':[
475,
],
'js-project:ecmascript6/snoode/src/endpoints/v1.es6.js':[
248,
],
'js-project:ecmascript6/sonar-web/src/main/js/components/shared/drilldown-link.js':[
33,
],
'js-project:ecmascript6/sonar-web/src/main/js/main/nav/component/component-nav-menu.js':[
35,
],
'js-project:ecmascript6/watchtower.js/src/dirty_checking.js':[
132,
253,
625,
],
'js-project:es5-shim-2.0.5.js':[
16,
386,
435,
715,
788,
],
'js-project:frameworks/wordpress/common.js':[
490,
565,
],
'js-project:frameworks/wordpress/customize-widgets.js':[
319,
1068,
1771,
],
'js-project:frameworks/wordpress/edit-comments.js':[
141,
],
'js-project:frameworks/wordpress/editor-expand.js':[
203,
317,
889,
952,
],
'js-project:frameworks/wordpress/editor.js':[
15,
],
'js-project:frameworks/wordpress/farbtastic.js':[
243,
],
'js-project:frameworks/wordpress/gallery.js':[
133,
],
'js-project:frameworks/wordpress/image-edit.js':[
109,
],
'js-project:frameworks/wordpress/inline-edit-post.js':[
119,
],
'js-project:frameworks/wordpress/nav-menu.js':[
278,
419,
522,
1019,
],
'js-project:frameworks/wordpress/post.js':[
203,
520,
],
'js-project:frameworks/wordpress/svg-painter.js':[
177,
],
'js-project:frameworks/wordpress/theme.js':[
453,
],
'js-project:frameworks/wordpress/widgets.js':[
35,
145,
],
'js-project:google-closure-library/base.js':[
650,
],
'js-project:google-closure-library/color/alpha.js':[
209,
],
'js-project:google-closure-library/crypt/base64.js':[
202,
],
'js-project:google-closure-library/crypt/basen.js':[
104,
],
'js-project:google-closure-library/crypt/hash32.js':[
90,
],
'js-project:google-closure-library/cssom/cssom.js':[
117,
395,
],
'js-project:google-closure-library/cssom/iframe/style.js':[
717,
925,
],
'js-project:google-closure-library/datasource/expr.js':[
70,
265,
],
'js-project:google-closure-library/datasource/jsdatasource.js':[
244,
],
'js-project:google-closure-library/date/date.js':[
453,
484,
518,
],
'js-project:google-closure-library/date/relative.js':[
327,
],
'js-project:google-closure-library/db/error.js':[
146,
],
'js-project:google-closure-library/debug/debug.js':[
210,
351,
],
'js-project:google-closure-library/debug/devcss/devcss.js':[
37,
250,
],
'js-project:google-closure-library/debug/formatter.js':[
217,
],
'js-project:google-closure-library/debug/reflect.js':[
141,
],
'js-project:google-closure-library/dom/annotate.js':[
104,
234,
],
'js-project:google-closure-library/dom/browserrange/ierange.js':[
139,
519,
642,
],
'js-project:google-closure-library/dom/dom.js':[
226,
624,
879,
1263,
],
'js-project:google-closure-library/dom/dom_test.js':[
1096,
],
'js-project:google-closure-library/dom/forms.js':[
67,
],
'js-project:google-closure-library/dom/pattern/repeat.js':[
117,
],
'js-project:google-closure-library/dom/range.js':[
196,
],
'js-project:google-closure-library/dom/tagiterator.js':[
249,
],
'js-project:google-closure-library/dom/textrangeiterator.js':[
47,
],
'js-project:google-closure-library/dom/xml.js':[
47,
],
'js-project:google-closure-library/editor/icontent.js':[
97,
],
'js-project:google-closure-library/editor/plugins/abstractbubbleplugin.js':[
208,
],
'js-project:google-closure-library/editor/plugins/basictextformatter.js':[
156,
358,
735,
1125,
],
'js-project:google-closure-library/editor/plugins/blockquote.js':[
277,
],
'js-project:google-closure-library/editor/plugins/enterhandler.js':[
265,
439,
621,
],
'js-project:google-closure-library/editor/plugins/removeformatting.js':[
205,
464,
576,
],
'js-project:google-closure-library/editor/plugins/tableeditor.js':[
169,
],
'js-project:google-closure-library/editor/plugins/tagonenterhandler.js':[
415,
],
'js-project:google-closure-library/editor/range.js':[
132,
363,
],
'js-project:google-closure-library/editor/table.js':[
76,
286,
],
'js-project:google-closure-library/events/browserevent.js':[
241,
],
'js-project:google-closure-library/events/events.js':[
137,
801,
907,
],
'js-project:google-closure-library/events/keycodes.js':[
166,
240,
290,
],
'js-project:google-closure-library/events/keyhandler.js':[
325,
],
'js-project:google-closure-library/events/mousewheelhandler.js':[
132,
],
'js-project:google-closure-library/events/pastehandler.js':[
421,
485,
],
'js-project:google-closure-library/format/format.js':[
267,
],
'js-project:google-closure-library/format/htmlprettyprinter.js':[
195,
],
'js-project:google-closure-library/format/jsonprettyprinter.js':[
111,
],
'js-project:google-closure-library/fs/error.js':[
73,
],
'js-project:google-closure-library/fx/abstractdragdrop.js':[
574,
967,
],
'js-project:google-closure-library/fx/draglistgroup.js':[
958,
],
'js-project:google-closure-library/gears/basestore.js':[
306,
],
'js-project:google-closure-library/gears/logstore.js':[
365,
],
'js-project:google-closure-library/graphics/svggraphics.js':[
418,
],
'js-project:google-closure-library/history/history.js':[
225,
462,
],
'js-project:google-closure-library/i18n/datetimeformat.js':[
642,
],
'js-project:google-closure-library/i18n/datetimeparse.js':[
159,
289,
495,
773,
1004,
],
'js-project:google-closure-library/i18n/graphemebreak.js':[
70,
],
'js-project:google-closure-library/i18n/numberformat.js':[
198,
260,
373,
646,
731,
],
'js-project:google-closure-library/i18n/pluralrules.js':[
217,
258,
],
'js-project:google-closure-library/labs/net/xhr.js':[
220,
],
'js-project:google-closure-library/math/integer.js':[
495,
573,
],
'js-project:google-closure-library/math/long.js':[
530,
602,
],
'js-project:google-closure-library/math/math.js':[
232,
],
'js-project:google-closure-library/net/browserchannel.js':[
1711,
1905,
2027,
],
'js-project:google-closure-library/net/channelrequest.js':[
554,
],
'js-project:google-closure-library/net/crossdomainrpc.js':[
241,
],
'js-project:google-closure-library/net/errorcode.js':[
95,
],
'js-project:google-closure-library/net/iframeio.js':[
794,
],
'js-project:google-closure-library/net/ipaddress.js':[
171,
273,
],
'js-project:google-closure-library/net/xhrio.js':[
442,
],
'js-project:google-closure-library/net/xpc/nativemessagingtransport.js':[
285,
361,
],
'js-project:google-closure-library/positioning/positioning.js':[
345,
411,
],
'js-project:google-closure-library/proto2/message.js':[
323,
],
'js-project:google-closure-library/proto2/textformatserializer.js':[
155,
667,
828,
],
'js-project:google-closure-library/string/path.js':[
90,
],
'js-project:google-closure-library/string/string.js':[
355,
1059,
],
'js-project:google-closure-library/string/stringformat.js':[
160,
],
'js-project:google-closure-library/structs/avltree.js':[
347,
404,
488,
585,
],
'js-project:google-closure-library/structs/quadtree.js':[
349,
],
'js-project:google-closure-library/style/style.js':[
389,
427,
578,
1328,
],
'js-project:google-closure-library/testing/asserts.js':[
72,
594,
],
'js-project:google-closure-library/testing/dom.js':[
287,
465,
],
'js-project:google-closure-library/testing/editor/dom.js':[
245,
],
'js-project:google-closure-library/testing/mock.js':[
165,
],
'js-project:google-closure-library/testing/stacktrace.js':[
324,
],
'js-project:google-closure-library/testing/testcase.js':[
699,
955,
],
'js-project:google-closure-library/testing/testrunner.js':[
305,
],
'js-project:google-closure-library/ui/abstractspellchecker.js':[
973,
1026,
],
'js-project:google-closure-library/ui/ac/autocomplete.js':[
609,
],
'js-project:google-closure-library/ui/ac/inputhandler.js':[
531,
767,
],
'js-project:google-closure-library/ui/ac/renderer.js':[
660,
],
'js-project:google-closure-library/ui/attachablemenu.js':[
225,
384,
],
'js-project:google-closure-library/ui/combobox.js':[
703,
793,
],
'js-project:google-closure-library/ui/component.js':[
275,
962,
],
'js-project:google-closure-library/ui/container.js':[
715,
],
'js-project:google-closure-library/ui/controlrenderer.js':[
266,
],
'js-project:google-closure-library/ui/datepicker.js':[
1196,
],
'js-project:google-closure-library/ui/dialog.js':[
975,
],
'js-project:google-closure-library/ui/dragdropdetector.js':[
505,
],
'js-project:google-closure-library/ui/filteredmenu.js':[
381,
],
'js-project:google-closure-library/ui/gauge.js':[
638,
],
'js-project:google-closure-library/ui/imagelessbuttonrenderer.js':[
141,
],
'js-project:google-closure-library/ui/imagelessmenubuttonrenderer.js':[
153,
],
'js-project:google-closure-library/ui/keyboardshortcuthandler.js':[
842,
948,
],
'js-project:google-closure-library/ui/palette.js':[
258,
],
'js-project:google-closure-library/ui/popupbase.js':[
459,
],
'js-project:google-closure-library/ui/richtextspellchecker.js':[
367,
531,
],
'js-project:google-closure-library/ui/sliderbase.js':[
477,
],
'js-project:google-closure-library/ui/style/app/buttonrenderer.js':[
141,
],
'js-project:google-closure-library/ui/textarea.js':[
459,
515,
],
'js-project:google-closure-library/ui/tree/basenode.js':[
233,
319,
620,
917,
1286,
],
'js-project:google-closure-library/ui/tree/treenode.js':[
79,
],
'js-project:google-closure-library/ui/tree/typeahead.js':[
250,
],
'js-project:google-closure-library/uri/uri.js':[
65,
182,
251,
847,
],
'js-project:google-closure-library/useragent/product_isversion.js':[
38,
],
'js-project:google-closure-library/useragent/useragent.js':[
369,
],
'js-project:google-closure-library/vec/mat4.js':[
1056,
],
'js-project:google-closure-library/vec/matrix4.js':[
813,
],
'js-project:google-closure-library/window/window.js':[
78,
],
'js-project:jest/packages/babel-plugin-jest-hoist/src/index.js':[
80,
],
'js-project:jest/packages/expect/src/jasmine_utils.js':[
59,
],
'js-project:jest/packages/expect/src/utils.js':[
99,
],
'js-project:jest/packages/jest-circus/src/event_handler.js':[
18,
],
'js-project:jest/packages/jest-cli/src/lib/update_global_config.js':[
21,
],
'js-project:jest/packages/jest-cli/src/reporters/get_result_header.js':[
31,
],
'js-project:jest/packages/jest-cli/src/reporters/summary_reporter.js':[
119,
],
'js-project:jest/packages/jest-cli/src/reporters/utils.js':[
99,
],
'js-project:jest/packages/jest-cli/src/test_scheduler.js':[
62,
],
'js-project:jest/packages/jest-cli/src/watch.js':[
141,
],
'js-project:jest/packages/jest-config/src/normalize.js':[
310,
351,
],
'js-project:jest/packages/jest-config/src/set_from_argv.js':[
23,
],
'js-project:jest/packages/jest-config/src/vendor/jsonlint.js':[
75,
245,
543,
630,
],
'js-project:jest/packages/jest-diff/src/index.js':[
53,
],
'js-project:jest/packages/jest-editor-support/src/parsers/babylon_parser.js':[
122,
],
'js-project:jest/packages/jest-get-type/src/index.js':[
29,
],
'js-project:jest/packages/jest-haste-map/src/index.js':[
328,
652,
],
'js-project:jest/packages/jest-jasmine2/src/jasmine/spy_registry.js':[
68,
],
'js-project:jest/packages/jest-message-util/src/index.js':[
53,
],
'js-project:jest/packages/jest-mock/src/index.js':[
161,
188,
285,
553,
588,
],
'js-project:jest/packages/jest-resolve/src/index.js':[
112,
],
'js-project:jest/packages/jest-runtime/src/index.js':[
274,
579,
],
'js-project:jest/packages/jest-runtime/src/script_transformer.js':[
185,
],
'js-project:jest/packages/jest-runtime/src/should_instrument.js':[
22,
],
'js-project:jest/packages/jest-snapshot/src/State.js':[
108,
],
'js-project:jest/packages/jest-validate/src/validate.js':[
15,
],
'js-project:jest/packages/pretty-format/src/index.js':[
48,
88,
156,
390,
],
'js-project:jest/packages/pretty-format/src/plugins/convert_ansi.js':[
17,
],
'js-project:jquery-1.7.2.js':[
99,
324,
630,
763,
827,
1066,
1314,
1537,
1693,
1794,
2288,
2331,
2442,
2511,
2652,
2907,
3022,
3104,
3254,
3374,
3513,
3756,
3967,
4174,
4274,
4340,
4491,
4714,
4793,
4914,
5093,
5479,
5928,
6006,
6127,
6194,
6311,
6365,
6505,
6619,
6751,
6793,
7070,
7351,
7454,
7819,
7884,
7983,
8194,
8243,
8378,
8494,
8639,
8727,
8870,
9067,
9090,
9181,
],
'js-project:jshint-2012.06.15.js':[
932,
1104,
1205,
1221,
1767,
1798,
1939,
2009,
2323,
2478,
2573,
2635,
2756,
3072,
3122,
3146,
3257,
3370,
3505,
3556,
3742,
3883,
4076,
4170,
4334,
4417,
],
'js-project:jstorage-0.3.0.js':[
287,
460,
],
'js-project:knockout-2.1.0.debug.js':[
415,
1103,
1459,
1950,
2258,
2486,
2902,
3033,
3126,
3230,
],
'js-project:mootools-core-1.4.5-full-nocompat.js':[
1145,
1588,
1741,
1971,
2227,
2274,
2310,
2340,
2718,
3384,
3439,
3756,
3781,
4178,
4218,
4345,
4952,
5331,
],
'js-project:ocanvas-2.2.2.js':[
31,
595,
818,
1044,
1215,
1299,
1732,
1933,
2127,
2262,
2487,
2590,
2776,
3080,
3169,
3364,
4542,
4911,
],
'js-project:open-layers-2.12/OpenLayers/BaseTypes.js':[
257,
],
'js-project:open-layers-2.12/OpenLayers/BaseTypes/Bounds.js':[
325,
428,
474,
644,
],
'js-project:open-layers-2.12/OpenLayers/BaseTypes/Element.js':[
161,
],
'js-project:open-layers-2.12/OpenLayers/Control/GetFeature.js':[
479,
],
'js-project:open-layers-2.12/OpenLayers/Control/Graticule.js':[
202,
],
'js-project:open-layers-2.12/OpenLayers/Control/KeyboardDefaults.js':[
76,
],
'js-project:open-layers-2.12/OpenLayers/Control/LayerSwitcher.js':[
278,
],
'js-project:open-layers-2.12/OpenLayers/Control/ModifyFeature.js':[
566,
],
'js-project:open-layers-2.12/OpenLayers/Control/Panel.js':[
205,
],
'js-project:open-layers-2.12/OpenLayers/Control/SelectFeature.js':[
547,
],
'js-project:open-layers-2.12/OpenLayers/Control/Snapping.js':[
374,
440,
],
'js-project:open-layers-2.12/OpenLayers/Control/Split.js':[
345,
],
'js-project:open-layers-2.12/OpenLayers/Control/TransformFeature.js':[
390,
],
'js-project:open-layers-2.12/OpenLayers/Control/WMSGetFeatureInfo.js':[
266,
],
'js-project:open-layers-2.12/OpenLayers/Events.js':[
213,
309,
],
'js-project:open-layers-2.12/OpenLayers/Events/buttonclick.js':[
132,
],
'js-project:open-layers-2.12/OpenLayers/Feature/Vector.js':[
333,
],
'js-project:open-layers-2.12/OpenLayers/Filter/Comparison.js':[
111,
],
'js-project:open-layers-2.12/OpenLayers/Format/ArcXML.js':[
253,
530,
574,
734,
],
'js-project:open-layers-2.12/OpenLayers/Format/Atom.js':[
178,
423,
583,
],
'js-project:open-layers-2.12/OpenLayers/Format/CQL.js':[
167,
221,
362,
],
'js-project:open-layers-2.12/OpenLayers/Format/CSWGetRecords/v2_0_2.js':[
325,
],
'js-project:open-layers-2.12/OpenLayers/Format/Context.js':[
95,
],
'js-project:open-layers-2.12/OpenLayers/Format/GML.js':[
139,
330,
486,
],
'js-project:open-layers-2.12/OpenLayers/Format/GML/Base.js':[
380,
],
'js-project:open-layers-2.12/OpenLayers/Format/GPX.js':[
107,
],
'js-project:open-layers-2.12/OpenLayers/Format/GeoJSON.js':[
69,
],
'js-project:open-layers-2.12/OpenLayers/Format/GeoRSS.js':[
97,
],
'js-project:open-layers-2.12/OpenLayers/Format/KML.js':[
215,
367,
612,
691,
1030,
],
'js-project:open-layers-2.12/OpenLayers/Format/OSM.js':[
95,
],
'js-project:open-layers-2.12/OpenLayers/Format/OWSContext/v0_3_1.js':[
481,
],
'js-project:open-layers-2.12/OpenLayers/Format/QueryStringFilter.js':[
119,
],
'js-project:open-layers-2.12/OpenLayers/Format/SLD/v1.js':[
728,
819,
952,
1034,
],
'js-project:open-layers-2.12/OpenLayers/Format/Text.js':[
77,
],
'js-project:open-layers-2.12/OpenLayers/Format/WFST/v1.js':[
243,
310,
],
'js-project:open-layers-2.12/OpenLayers/Format/WKT.js':[
57,
],
'js-project:open-layers-2.12/OpenLayers/Format/WMC.js':[
45,
],
'js-project:open-layers-2.12/OpenLayers/Format/WMC/v1.js':[
1152,
],
'js-project:open-layers-2.12/OpenLayers/Format/WMSCapabilities/v1.js':[
238,
],
'js-project:open-layers-2.12/OpenLayers/Format/WMSGetFeatureInfo.js':[
195,
],
'js-project:open-layers-2.12/OpenLayers/Format/WMTSCapabilities.js':[
78,
],
'js-project:open-layers-2.12/OpenLayers/Format/XML.js':[
719,
767,
],
'js-project:open-layers-2.12/OpenLayers/Geometry.js':[
343,
],
'js-project:open-layers-2.12/OpenLayers/Geometry/Collection.js':[
291,
],
'js-project:open-layers-2.12/OpenLayers/Geometry/LineString.js':[
65,
185,
282,
446,
],
'js-project:open-layers-2.12/OpenLayers/Geometry/LinearRing.js':[
291,
],
'js-project:open-layers-2.12/OpenLayers/Geometry/MultiLineString.js':[
69,
174,
],
'js-project:open-layers-2.12/OpenLayers/Geometry/Polygon.js':[
140,
],
'js-project:open-layers-2.12/OpenLayers/Handler/Feature.js':[
276,
],
'js-project:open-layers-2.12/OpenLayers/Handler/MouseWheel.js':[
95,
],
'js-project:open-layers-2.12/OpenLayers/Handler/Path.js':[
474,
],
'js-project:open-layers-2.12/OpenLayers/Layer.js':[
456,
604,
816,
978,
],
'js-project:open-layers-2.12/OpenLayers/Layer/ArcGISCache.js':[
111,
401,
],
'js-project:open-layers-2.12/OpenLayers/Layer/FixedZoomLevels.js':[
78,
],
'js-project:open-layers-2.12/OpenLayers/Layer/GeoRSS.js':[
135,
],
'js-project:open-layers-2.12/OpenLayers/Layer/Google/v3.js':[
224,
],
'js-project:open-layers-2.12/OpenLayers/Layer/Grid.js':[
420,
],
'js-project:open-layers-2.12/OpenLayers/Layer/Text.js':[
147,
],
'js-project:open-layers-2.12/OpenLayers/Layer/Vector.js':[
548,
630,
],
'js-project:open-layers-2.12/OpenLayers/Layer/WMTS.js':[
410,
],
'js-project:open-layers-2.12/OpenLayers/Map.js':[
496,
1725,
1807,
],
'js-project:open-layers-2.12/OpenLayers/Popup.js':[
736,
],
'js-project:open-layers-2.12/OpenLayers/Popup/Framed.js':[
296,
],
'js-project:open-layers-2.12/OpenLayers/Renderer.js':[
194,
],
'js-project:open-layers-2.12/OpenLayers/Renderer/Canvas.js':[
162,
302,
516,
680,
],
'js-project:open-layers-2.12/OpenLayers/Renderer/Elements.js':[
561,
722,
921,
],
'js-project:open-layers-2.12/OpenLayers/Renderer/SVG.js':[
239,
647,
],
'js-project:open-layers-2.12/OpenLayers/Renderer/VML.js':[
205,
353,
509,
819,
],
'js-project:open-layers-2.12/OpenLayers/Request.js':[
81,
251,
],
'js-project:open-layers-2.12/OpenLayers/Request/XMLHttpRequest.js':[
365,
],
'js-project:open-layers-2.12/OpenLayers/Strategy/Cluster.js':[
148,
],
'js-project:open-layers-2.12/OpenLayers/Style.js':[
157,
],
'js-project:open-layers-2.12/OpenLayers/Tile/Image/IFrame.js':[
36,
],
'js-project:open-layers-2.12/OpenLayers/Util.js':[
464,
1162,
1339,
1519,
1700,
],
'js-project:open-layers-2.12/deprecated.js':[
437,
509,
1360,
1576,
2444,
2550,
5022,
5404,
],
'js-project:paper-0.22.js':[
110,
978,
2095,
2468,
2843,
3117,
3209,
3546,
3617,
4085,
4157,
4413,
4537,
4612,
4744,
4842,
5026,
5715,
5960,
6795,
7168,
7205,
7633,
7633,
7633,
7633,
7633,
7633,
7633,
7647,
],
'js-project:processing-1.3.6.js':[
1096,
1221,
1570,
1621,
1667,
1756,
1856,
1900,
1934,
2266,
2362,
2499,
2959,
3545,
3564,
3673,
4045,
4345,
5376,
5478,
5651,
6069,
6122,
6243,
6270,
6392,
6912,
7034,
7118,
7207,
7347,
7527,
7623,
7723,
7802,
8079,
9135,
9374,
9428,
9487,
9542,
9596,
9941,
],
'js-project:prototype-1.7.js':[
215,
1498,
1594,
2004,
2072,
2539,
2967,
3186,
3311,
3694,
3985,
4156,
4253,
4276,
4529,
4582,
4831,
4867,
4991,
5659,
],
'js-project:qunit-1.8.0.js':[
160,
697,
858,
983,
1086,
1155,
1381,
1520,
1724,
1801,
],
'js-project:scriptaculous-1.9.0/builder.js':[
27,
],
'js-project:scriptaculous-1.9.0/controls.js':[
44,
129,
426,
538,
],
'js-project:scriptaculous-1.9.0/dragdrop.js':[
227,
357,
397,
457,
624,
752,
],
'js-project:scriptaculous-1.9.0/slider.js':[
17,
125,
],
'js-project:scriptaculous-1.9.0/unittest.js':[
140,
],
'js-project:sizzle-1.8.2.js':[
217,
605,
927,
1015,
1093,
1171,
1244,
1300,
1430,
1561,
],
'js-project:underscore-1.3.3.js':[
73,
682,
],
'js-project:yui-3.7.3/align-plugin/align-plugin.js':[
64,
],
'js-project:yui-3.7.3/anim-base/anim-base.js':[
126,
620,
],
'js-project:yui-3.7.3/app-base/app-base.js':[
381,
],
'js-project:yui-3.7.3/app-content/app-content.js':[
122,
],
'js-project:yui-3.7.3/app-transitions-native/app-transitions-native.js':[
198,
],
'js-project:yui-3.7.3/attribute-complex/attribute-complex.js':[
81,
],
'js-project:yui-3.7.3/attribute-core/attribute-core.js':[
534,
715,
],
'js-project:yui-3.7.3/autocomplete-base/autocomplete-base.js':[
422,
],
'js-project:yui-3.7.3/base-base/base-base.js':[
249,
],
'js-project:yui-3.7.3/base-build/base-build.js':[
95,
179,
],
'js-project:yui-3.7.3/base-core/base-core.js':[
446,
518,
],
'js-project:yui-3.7.3/calendar-base/calendar-base.js':[
287,
651,
1017,
1124,
],
'js-project:yui-3.7.3/calendar/calendar.js':[
182,
276,
],
'js-project:yui-3.7.3/calendarnavigator/calendarnavigator.js':[
198,
],
'js-project:yui-3.7.3/charts-base/charts-base.js':[
61,
2259,
2460,
4319,
4399,
4853,
5711,
5792,
6068,
6665,
6832,
7326,
7902,
8058,
8941,
9091,
9943,
10284,
10843,
11402,
11926,
12904,
13672,
13894,
14025,
14161,
14348,
14440,
14873,
15138,
15195,
],
'js-project:yui-3.7.3/charts-legend/charts-legend.js':[
384,
754,
1006,
],
'js-project:yui-3.7.3/console/console.js':[
246,
840,
],
'js-project:yui-3.7.3/dataschema-array/dataschema-array.js':[
158,
],
'js-project:yui-3.7.3/dataschema-json/dataschema-json.js':[
309,
],
'js-project:yui-3.7.3/dataschema-xml/dataschema-xml.js':[
186,
],
'js-project:yui-3.7.3/datatable-base-deprecated/datatable-base-deprecated.js':[
656,
],
'js-project:yui-3.7.3/datatable-body/datatable-body.js':[
206,
664,
],
'js-project:yui-3.7.3/datatable-core/datatable-core.js':[
237,
],
'js-project:yui-3.7.3/datatable-head/datatable-head.js':[
192,
413,
],
'js-project:yui-3.7.3/datatable-mutable/datatable-mutable.js':[
295,
369,
],
'js-project:yui-3.7.3/datatable-scroll/datatable-scroll.js':[
101,
948,
1079,
],
'js-project:yui-3.7.3/datatable-sort-deprecated/datatable-sort-deprecated.js':[
226,
],
'js-project:yui-3.7.3/datatable-sort/datatable-sort.js':[
558,
663,
771,
],
'js-project:yui-3.7.3/datatable-table/datatable-table.js':[
319,
],
'js-project:yui-3.7.3/datatype-number-format/datatype-number-format.js':[
54,
],
'js-project:yui-3.7.3/dd-constrain/dd-constrain.js':[
532,
],
'js-project:yui-3.7.3/dd-ddm-drop/dd-ddm-drop.js':[
181,
],
'js-project:yui-3.7.3/dd-scroll/dd-scroll.js':[
181,
],
'js-project:yui-3.7.3/dial/dial.js':[
623,
],
'js-project:yui-3.7.3/dom-base/dom-base.js':[
341,
380,
464,
],
'js-project:yui-3.7.3/dom-core/dom-core.js':[
165,
216,
],
'js-project:yui-3.7.3/dom-create/dom-create.js':[
60,
143,
],
'js-project:yui-3.7.3/dom-screen/dom-screen.js':[
125,
195,
],
'js-project:yui-3.7.3/dom-style/dom-style.js':[
67,
],
'js-project:yui-3.7.3/dump/dump.js':[
37,
],
'js-project:yui-3.7.3/editor-base/editor-base.js':[
108,
155,
221,
316,
],
'js-project:yui-3.7.3/editor-br/editor-br.js':[
32,
],
'js-project:yui-3.7.3/editor-lists/editor-lists.js':[
32,
],
'js-project:yui-3.7.3/editor-para-ie/editor-para-ie.js':[
32,
],
'js-project:yui-3.7.3/editor-para/editor-para.js':[
32,
],
'js-project:yui-3.7.3/editor-selection/editor-selection.js':[
26,
242,
661,
],
'js-project:yui-3.7.3/event-base-ie/event-base-ie.js':[
102,
],
'js-project:yui-3.7.3/event-base/event-base.js':[
140,
753,
892,
1035,
],
'js-project:yui-3.7.3/event-contextmenu/event-contextmenu.js':[
66,
],
'js-project:yui-3.7.3/event-custom-base/event-custom-base.js':[
270,
893,
1208,
1581,
1718,
2024,
],
'js-project:yui-3.7.3/event-custom-complex/event-custom-complex.js':[
141,
436,
],
'js-project:yui-3.7.3/event-delegate/event-delegate.js':[
60,
232,
],
'js-project:yui-3.7.3/event-flick/event-flick.js':[
190,
],
'js-project:yui-3.7.3/event-focus/event-focus.js':[
113,
],
'js-project:yui-3.7.3/event-key/event-key.js':[
35,
117,
],
'js-project:yui-3.7.3/event-simulate/event-simulate.js':[
121,
324,
635,
744,
901,
],
'js-project:yui-3.7.3/event-synthetic/event-synthetic.js':[
71,
],
'js-project:yui-3.7.3/event-touch/event-touch.js':[
38,
],
'js-project:yui-3.7.3/exec-command/exec-command.js':[
467,
],
'js-project:yui-3.7.3/file-html5/file-html5.js':[
26,
],
'js-project:yui-3.7.3/frame/frame.js':[
356,
625,
],
'js-project:yui-3.7.3/gesture-simulate/gesture-simulate.js':[
257,
536,
1272,
],
'js-project:yui-3.7.3/get/get.js':[
512,
552,
943,
1036,
],
'js-project:yui-3.7.3/graphics-canvas/graphics-canvas.js':[
1328,
1660,
3558,
],
'js-project:yui-3.7.3/graphics-svg/graphics-svg.js':[
655,
1146,
1234,
1504,
3297,
],
'js-project:yui-3.7.3/graphics-vml/graphics-vml.js':[
849,
1039,
1104,
1244,
1347,
3490,
],
'js-project:yui-3.7.3/graphics/graphics.js':[
76,
],
'js-project:yui-3.7.3/handlebars-compiler/handlebars-compiler.js':[
29,
120,
363,
437,
1124,
],
'js-project:yui-3.7.3/highlight-base/highlight-base.js':[
139,
],
'js-project:yui-3.7.3/history-base/history-base.js':[
7,
],
'js-project:yui-3.7.3/history-hash/history-hash.js':[
7,
],
'js-project:yui-3.7.3/imageloader/imageloader.js':[
317,
571,
],
'js-project:yui-3.7.3/io-base/io-base.js':[
113,
187,
642,
],
'js-project:yui-3.7.3/io-form/io-form.js':[
31,
],
'js-project:yui-3.7.3/io-nodejs/io-nodejs.js':[
93,
],
'js-project:yui-3.7.3/json-stringify/json-stringify.js':[
164,
],
'js-project:yui-3.7.3/loader-base/loader-base.js':[
667,
738,
780,
845,
1106,
1477,
1851,
1978,
2044,
2103,
2285,
2319,
2508,
2561,
],
'js-project:yui-3.7.3/loader-rollup/loader-rollup.js':[
26,
],
'js-project:yui-3.7.3/model-sync-rest/model-sync-rest.js':[
454,
],
'js-project:yui-3.7.3/model/model.js':[
601,
831,
],
'js-project:yui-3.7.3/node-core/node-core.js':[
43,
170,
281,
],
'js-project:yui-3.7.3/node-flick/node-flick.js':[
266,
],
'js-project:yui-3.7.3/node-focusmanager/node-focusmanager.js':[
292,
647,
733,
],
'js-project:yui-3.7.3/node-menunav/node-menunav.js':[
1417,
1518,
1809,
1886,
2079,
],
'js-project:yui-3.7.3/node-scroll-info/node-scroll-info.js':[
450,
],
'js-project:yui-3.7.3/oop/oop.js':[
279,
],
'js-project:yui-3.7.3/pjax-base/pjax-base.js':[
182,
234,
],
'js-project:yui-3.7.3/pluginhost-base/pluginhost-base.js':[
112,
],
'js-project:yui-3.7.3/querystring-stringify/querystring-stringify.js':[
55,
],
'js-project:yui-3.7.3/resize-constrain/resize-constrain.js':[
275,
],
'js-project:yui-3.7.3/router/router.js':[
1097,
],
'js-project:yui-3.7.3/scrollview-base/scrollview-base.js':[
448,
782,
],
'js-project:yui-3.7.3/scrollview-scrollbars/scrollview-scrollbars.js':[
277,
],
'js-project:yui-3.7.3/selector-css2/selector-css2.js':[
66,
114,
228,
321,
],
'js-project:yui-3.7.3/selector-css3/selector-css3.js':[
25,
],
'js-project:yui-3.7.3/selector-native/selector-native.js':[
131,
274,
],
'js-project:yui-3.7.3/sortable/sortable.js':[
122,
],
'js-project:yui-3.7.3/stylesheet/stylesheet.js':[
113,
],
'js-project:yui-3.7.3/substitute/substitute.js':[
80,
],
'js-project:yui-3.7.3/swf/swf.js':[
58,
],
'js-project:yui-3.7.3/test/test.js':[
488,
567,
1378,
3687,
],
'js-project:yui-3.7.3/text-wordbreak/text-wordbreak.js':[
263,
],
'js-project:yui-3.7.3/transition-timer/transition-timer.js':[
48,
115,
],
'js-project:yui-3.7.3/transition/transition.js':[
154,
484,
],
'js-project:yui-3.7.3/widget-autohide/widget-autohide.js':[
157,
],
'js-project:yui-3.7.3/widget-base/widget-base.js':[
724,
],
'js-project:yui-3.7.3/widget-modality/widget-modality.js':[
398,
],
'js-project:yui-3.7.3/widget-position-align/widget-position-align.js':[
367,
519,
],
'js-project:yui-3.7.3/widget-position-constrain/widget-position-constrain.js':[
186,
230,
],
'js-project:yui-3.7.3/yui-core/yui-core.js':[
267,
320,
632,
856,
944,
967,
1031,
1956,
2810,
3060,
3330,
],
'js-project:yui-3.7.3/yui-log-nodejs/yui-log-nodejs.js':[
32,
],
'js-project:yui-3.7.3/yui-log/yui-log.js':[
44,
],
}
