{
'js-project:ecmascript6/redux/examples/todos-with-undo/containers/App.js':[
48,
],
}
